[    0.000000] Linux version 4.15.0-189-generic (buildd@lcy02-amd64-039) (gcc version 7.5.0 (Ubuntu 7.5.0-3ubuntu1~18.04)) #200-Ubuntu SMP Wed Jun 22 19:53:37 UTC 2022 (Ubuntu 4.15.0-189.200-generic 4.15.18)
[    0.000000] Command line: BOOT_IMAGE=/boot/vmlinuz-4.15.0-189-generic root=UUID=32e8aa83-fa50-4890-aad3-2a666e4baa0b ro console=tty1 console=ttyS0
[    0.000000] KERNEL supported cpus:
[    0.000000]   Intel GenuineIntel
[    0.000000]   AMD AuthenticAMD
[    0.000000]   Centaur CentaurHauls
[    0.000000] [Firmware Bug]: TSC doesn't count with P0 frequency!
[    0.000000] x86/fpu: Supporting XSAVE feature 0x001: 'x87 floating point registers'
[    0.000000] x86/fpu: Supporting XSAVE feature 0x002: 'SSE registers'
[    0.000000] x86/fpu: Supporting XSAVE feature 0x004: 'AVX registers'
[    0.000000] x86/fpu: xstate_offset[2]:  576, xstate_sizes[2]:  256
[    0.000000] x86/fpu: Enabled xstate features 0x7, context size is 832 bytes, using 'standard' format.
[    0.000000] e820: BIOS-provided physical RAM map:
[    0.000000] BIOS-e820: [mem 0x0000000000000000-0x000000000009fbff] usable
[    0.000000] BIOS-e820: [mem 0x000000000009fc00-0x000000000009ffff] reserved
[    0.000000] BIOS-e820: [mem 0x00000000000f0000-0x00000000000fffff] reserved
[    0.000000] BIOS-e820: [mem 0x0000000000100000-0x000000003ffeffff] usable
[    0.000000] BIOS-e820: [mem 0x000000003fff0000-0x000000003fffffff] ACPI data
[    0.000000] BIOS-e820: [mem 0x00000000fec00000-0x00000000fec00fff] reserved
[    0.000000] BIOS-e820: [mem 0x00000000fee00000-0x00000000fee00fff] reserved
[    0.000000] BIOS-e820: [mem 0x00000000fffc0000-0x00000000ffffffff] reserved
[    0.000000] NX (Execute Disable) protection: active
[    0.000000] SMBIOS 2.5 present.
[    0.000000] DMI: innotek GmbH VirtualBox/VirtualBox, BIOS VirtualBox 12/01/2006
[    0.000000] Hypervisor detected: KVM
[    0.000000] e820: last_pfn = 0x3fff0 max_arch_pfn = 0x400000000
[    0.000000] MTRR: Disabled
[    0.000000] x86/PAT: MTRRs disabled, skipping PAT initialization too.
[    0.000000] CPU MTRRs all blank - virtualized system.
[    0.000000] x86/PAT: Configuration [0-7]: WB  WT  UC- UC  WB  WT  UC- UC  
[    0.000000] found SMP MP-table at [mem 0x0009fff0-0x0009ffff]
[    0.000000] Scanning 1 areas for low memory corruption
[    0.000000] RAMDISK: [mem 0x3581b000-0x36c04fff]
[    0.000000] ACPI: Early table checksum verification disabled
[    0.000000] ACPI: RSDP 0x00000000000E0000 000024 (v02 VBOX  )
[    0.000000] ACPI: XSDT 0x000000003FFF0030 00003C (v01 VBOX   VBOXXSDT 00000001 ASL  00000061)
[    0.000000] ACPI: FACP 0x000000003FFF00F0 0000F4 (v04 VBOX   VBOXFACP 00000001 ASL  00000061)
[    0.000000] ACPI: DSDT 0x000000003FFF0470 002325 (v02 VBOX   VBOXBIOS 00000002 INTL 20100528)
[    0.000000] ACPI: FACS 0x000000003FFF0200 000040
[    0.000000] ACPI: FACS 0x000000003FFF0200 000040
[    0.000000] ACPI: APIC 0x000000003FFF0240 00005C (v02 VBOX   VBOXAPIC 00000001 ASL  00000061)
[    0.000000] ACPI: SSDT 0x000000003FFF02A0 0001CC (v01 VBOX   VBOXCPUT 00000002 INTL 20100528)
[    0.000000] ACPI: Reserving FACP table memory at [mem 0x3fff00f0-0x3fff01e3]
[    0.000000] ACPI: Reserving DSDT table memory at [mem 0x3fff0470-0x3fff2794]
[    0.000000] ACPI: Reserving FACS table memory at [mem 0x3fff0200-0x3fff023f]
[    0.000000] ACPI: Reserving FACS table memory at [mem 0x3fff0200-0x3fff023f]
[    0.000000] ACPI: Reserving APIC table memory at [mem 0x3fff0240-0x3fff029b]
[    0.000000] ACPI: Reserving SSDT table memory at [mem 0x3fff02a0-0x3fff046b]
[    0.000000] No NUMA configuration found
[    0.000000] Faking a node at [mem 0x0000000000000000-0x000000003ffeffff]
[    0.000000] NODE_DATA(0) allocated [mem 0x3ffc5000-0x3ffeffff]
[    0.000000] kvm-clock: cpu 0, msr 0:3ff44001, primary cpu clock
[    0.000000] kvm-clock: Using msrs 4b564d01 and 4b564d00
[    0.000000] kvm-clock: using sched offset of 3111834869 cycles
[    0.000000] clocksource: kvm-clock: mask: 0xffffffffffffffff max_cycles: 0x1cd42e4dffb, max_idle_ns: 881590591483 ns
[    0.000000] Zone ranges:
[    0.000000]   DMA      [mem 0x0000000000001000-0x0000000000ffffff]
[    0.000000]   DMA32    [mem 0x0000000001000000-0x000000003ffeffff]
[    0.000000]   Normal   empty
[    0.000000]   Device   empty
[    0.000000] Movable zone start for each node
[    0.000000] Early memory node ranges
[    0.000000]   node   0: [mem 0x0000000000001000-0x000000000009efff]
[    0.000000]   node   0: [mem 0x0000000000100000-0x000000003ffeffff]
[    0.000000] Reserved but unavailable: 104 pages
[    0.000000] Initmem setup node 0 [mem 0x0000000000001000-0x000000003ffeffff]
[    0.000000] ACPI: PM-Timer IO Port: 0x4008
[    0.000000] IOAPIC[0]: apic_id 2, version 32, address 0xfec00000, GSI 0-23
[    0.000000] ACPI: INT_SRC_OVR (bus 0 bus_irq 0 global_irq 2 dfl dfl)
[    0.000000] ACPI: INT_SRC_OVR (bus 0 bus_irq 9 global_irq 9 low level)
[    0.000000] Using ACPI (MADT) for SMP configuration information
[    0.000000] smpboot: Allowing 2 CPUs, 0 hotplug CPUs
[    0.000000] PM: Registered nosave memory: [mem 0x00000000-0x00000fff]
[    0.000000] PM: Registered nosave memory: [mem 0x0009f000-0x0009ffff]
[    0.000000] PM: Registered nosave memory: [mem 0x000a0000-0x000effff]
[    0.000000] PM: Registered nosave memory: [mem 0x000f0000-0x000fffff]
[    0.000000] e820: [mem 0x40000000-0xfebfffff] available for PCI devices
[    0.000000] Booting paravirtualized kernel on KVM
[    0.000000] clocksource: refined-jiffies: mask: 0xffffffff max_cycles: 0xffffffff, max_idle_ns: 7645519600211568 ns
[    0.000000] random: get_random_bytes called from start_kernel+0x99/0x500 with crng_init=0
[    0.000000] setup_percpu: NR_CPUS:8192 nr_cpumask_bits:2 nr_cpu_ids:2 nr_node_ids:1
[    0.000000] percpu: Embedded 50 pages/cpu s167936 r8192 d28672 u1048576
[    0.000000] PV qspinlock hash table entries: 256 (order: 0, 4096 bytes)
[    0.000000] Built 1 zonelists, mobility grouping on.  Total pages: 257913
[    0.000000] Policy zone: DMA32
[    0.000000] Kernel command line: BOOT_IMAGE=/boot/vmlinuz-4.15.0-189-generic root=UUID=32e8aa83-fa50-4890-aad3-2a666e4baa0b ro console=tty1 console=ttyS0
[    0.000000] Memory: 981784K/1048120K available (12300K kernel code, 2484K rwdata, 4324K rodata, 2468K init, 2724K bss, 66336K reserved, 0K cma-reserved)
[    0.000000] SLUB: HWalign=64, Order=0-3, MinObjects=0, CPUs=2, Nodes=1
[    0.000000] ftrace: allocating 39515 entries in 155 pages
[    0.004000] Hierarchical RCU implementation.
[    0.004000] 	RCU restricting CPUs from NR_CPUS=8192 to nr_cpu_ids=2.
[    0.004000] 	Tasks RCU enabled.
[    0.004000] RCU: Adjusting geometry for rcu_fanout_leaf=16, nr_cpu_ids=2
[    0.004000] NR_IRQS: 524544, nr_irqs: 440, preallocated irqs: 16
[    0.004000] Console: colour VGA+ 80x25
[    0.004000] console [tty1] enabled
[    0.004000] console [ttyS0] enabled
[    0.004000] ACPI: Core revision 20170831
[    0.004000] ACPI: 2 ACPI AML tables successfully acquired and loaded
[    0.004000] APIC: Switch to symmetric I/O mode setup
[    0.004000] x2apic enabled
[    0.004000] Switched APIC routing to physical x2apic.
[    0.004000] ..TIMER: vector=0x30 apic1=0 pin1=2 apic2=-1 pin2=-1
[    0.004000] tsc: Detected 2295.688 MHz processor
[    0.004000] Calibrating delay loop (skipped) preset value.. 4591.37 BogoMIPS (lpj=9182752)
[    0.004000] pid_max: default: 32768 minimum: 301
[    0.004000] Security Framework initialized
[    0.004000] Yama: becoming mindful.
[    0.004016] AppArmor: AppArmor initialized
[    0.004816] Dentry cache hash table entries: 131072 (order: 8, 1048576 bytes)
[    0.005589] Inode-cache hash table entries: 65536 (order: 7, 524288 bytes)
[    0.008006] Mount-cache hash table entries: 2048 (order: 2, 16384 bytes)
[    0.008717] Mountpoint-cache hash table entries: 2048 (order: 2, 16384 bytes)
[    0.009618] Last level iTLB entries: 4KB 512, 2MB 512, 4MB 256
[    0.010279] Last level dTLB entries: 4KB 2048, 2MB 2048, 4MB 1024, 1GB 0
[    0.010983] Spectre V1 : Mitigation: usercopy/swapgs barriers and __user pointer sanitization
[    0.011887] Spectre V2 : Mitigation: Retpolines
[    0.012003] Spectre V2 : Spectre v2 / SpectreRSB mitigation: Filling RSB on context switch
[    0.013134] Speculative Store Bypass: Vulnerable
[    0.013818] Freeing SMP alternatives memory: 36K
[    0.124621] smpboot: CPU0: AMD Ryzen 5 5600U with Radeon Graphics (family: 0x19, model: 0x50, stepping: 0x0)
[    0.125929] Performance Events: PMU not available due to virtualization, using software events only.
[    0.126976] Hierarchical SRCU implementation.
[    0.127981] NMI watchdog: Perf event create on CPU 0 failed with -2
[    0.128000] NMI watchdog: Perf NMI watchdog permanently disabled
[    0.128029] smp: Bringing up secondary CPUs ...
[    0.128569] x86: Booting SMP configuration:
[    0.129037] .... node  #0, CPUs:      #1
[    0.004000] kvm-clock: cpu 1, msr 0:3ff44041, secondary cpu clock
[    0.132015] smp: Brought up 1 node, 2 CPUs
[    0.132468] smpboot: Max logical packages: 1
[    0.132964] smpboot: Total of 2 processors activated (9182.75 BogoMIPS)
[    0.136080] devtmpfs: initialized
[    0.136550] x86/mm: Memory block size: 128MB
[    0.137174] evm: security.selinux
[    0.137582] evm: security.SMACK64
[    0.138029] evm: security.SMACK64EXEC
[    0.138029] evm: security.SMACK64TRANSMUTE
[    0.138029] evm: security.SMACK64MMAP
[    0.138029] evm: security.apparmor
[    0.138029] evm: security.ima
[    0.138029] evm: security.capability
[    0.140052] clocksource: jiffies: mask: 0xffffffff max_cycles: 0xffffffff, max_idle_ns: 7645041785100000 ns
[    0.141061] futex hash table entries: 512 (order: 3, 32768 bytes)
[    0.141061] pinctrl core: initialized pinctrl subsystem
[    0.141204] RTC time: 14:33:37, date: 07/28/22
[    0.142045] NET: Registered protocol family 16
[    0.142711] audit: initializing netlink subsys (disabled)
[    0.144019] audit: type=2000 audit(1659018821.646:1): state=initialized audit_enabled=0 res=1
[    0.144945] cpuidle: using governor ladder
[    0.148011] cpuidle: using governor menu
[    0.148680] ACPI: bus type PCI registered
[    0.148680] acpiphp: ACPI Hot Plug PCI Controller Driver version: 0.5
[    0.149241] PCI: Using configuration type 1 for base access
[    0.149846] PCI: Using configuration type 1 for extended access
[    0.152019] HugeTLB registered 2.00 MiB page size, pre-allocated 0 pages
[    0.152778] ACPI: Added _OSI(Module Device)
[    0.152778] ACPI: Added _OSI(Processor Device)
[    0.153079] ACPI: Added _OSI(3.0 _SCP Extensions)
[    0.153606] ACPI: Added _OSI(Processor Aggregator Device)
[    0.153606] ACPI: Added _OSI(Linux-Dell-Video)
[    0.153606] ACPI: Added _OSI(Linux-Lenovo-NV-HDMI-Audio)
[    0.153606] ACPI: Added _OSI(Linux-HPI-Hybrid-Graphics)
[    0.153896] ACPI: Executed 1 blocks of module-level executable AML code
[    0.156713] ACPI: Interpreter enabled
[    0.157158] ACPI: (supports S0 S5)
[    0.157573] ACPI: Using IOAPIC for interrupt routing
[    0.158250] PCI: Using host bridge windows from ACPI; if necessary, use "pci=nocrs" and report a bug
[    0.159343] ACPI: Enabled 2 GPEs in block 00 to 07
[    0.163186] ACPI: PCI Root Bridge [PCI0] (domain 0000 [bus 00-ff])
[    0.164005] acpi PNP0A03:00: _OSC: OS supports [ExtendedConfig ASPM ClockPM Segments MSI]
[    0.165483] acpi PNP0A03:00: _OSC: platform does not support [PCIeCapability]
[    0.166547] acpi PNP0A03:00: _OSC: not requesting control; platform does not support [PCIeCapability]
[    0.167563] acpi PNP0A03:00: _OSC: OS requested [PCIeHotplug PME AER PCIeCapability]
[    0.168002] acpi PNP0A03:00: _OSC: platform willing to grant [PCIeHotplug PME AER]
[    0.168853] acpi PNP0A03:00: _OSC failed (AE_SUPPORT); disabling ASPM
[    0.169805] PCI host bridge to bus 0000:00
[    0.170849] pci_bus 0000:00: root bus resource [io  0x0000-0x0cf7 window]
[    0.171582] pci_bus 0000:00: root bus resource [io  0x0d00-0xffff window]
[    0.172009] pci_bus 0000:00: root bus resource [mem 0x000a0000-0x000bffff window]
[    0.172839] pci_bus 0000:00: root bus resource [mem 0x40000000-0xfdffffff window]
[    0.173701] pci_bus 0000:00: root bus resource [bus 00-ff]
[    0.176896] pci 0000:00:01.1: legacy IDE quirk: reg 0x10: [io  0x01f0-0x01f7]
[    0.177669] pci 0000:00:01.1: legacy IDE quirk: reg 0x14: [io  0x03f6]
[    0.178373] pci 0000:00:01.1: legacy IDE quirk: reg 0x18: [io  0x0170-0x0177]
[    0.179131] pci 0000:00:01.1: legacy IDE quirk: reg 0x1c: [io  0x0376]
[    0.185457] pci 0000:00:07.0: quirk: [io  0x4000-0x403f] claimed by PIIX4 ACPI
[    0.186300] pci 0000:00:07.0: quirk: [io  0x4100-0x410f] claimed by PIIX4 SMB
[    0.190502] ACPI: PCI Interrupt Link [LNKA] (IRQs 5 9 10 *11)
[    0.191338] ACPI: PCI Interrupt Link [LNKB] (IRQs 5 9 *10 11)
[    0.192058] ACPI: PCI Interrupt Link [LNKC] (IRQs 5 *9 10 11)
[    0.192751] ACPI: PCI Interrupt Link [LNKD] (IRQs 5 9 10 *11)
[    0.193622] SCSI subsystem initialized
[    0.196029] pci 0000:00:02.0: vgaarb: setting as boot VGA device
[    0.196673] pci 0000:00:02.0: vgaarb: VGA device added: decodes=io+mem,owns=io+mem,locks=none
[    0.197629] pci 0000:00:02.0: vgaarb: bridge control possible
[    0.198229] vgaarb: loaded
[    0.198564] ACPI: bus type USB registered
[    0.199018] usbcore: registered new interface driver usbfs
[    0.199599] usbcore: registered new interface driver hub
[    0.200000] usbcore: registered new device driver usb
[    0.200030] EDAC MC: Ver: 3.0.0
[    0.200575] PCI: Using ACPI for IRQ routing
[    0.200575] NetLabel: Initializing
[    0.200605] NetLabel:  domain hash size = 128
[    0.201103] NetLabel:  protocols = UNLABELED CIPSOv4 CALIPSO
[    0.201726] NetLabel:  unlabeled traffic allowed by default
[    0.204047] clocksource: Switched to clocksource kvm-clock
[    0.210871] VFS: Disk quotas dquot_6.6.0
[    0.211349] VFS: Dquot-cache hash table entries: 512 (order 0, 4096 bytes)
[    0.212173] AppArmor: AppArmor Filesystem Enabled
[    0.212744] pnp: PnP ACPI init
[    0.213712] pnp: PnP ACPI: found 3 devices
[    0.221113] clocksource: acpi_pm: mask: 0xffffff max_cycles: 0xffffff, max_idle_ns: 2085701024 ns
[    0.222123] NET: Registered protocol family 2
[    0.222755] IP idents hash table entries: 16384 (order: 5, 131072 bytes)
[    0.223996] TCP established hash table entries: 8192 (order: 4, 65536 bytes)
[    0.224743] TCP bind hash table entries: 8192 (order: 5, 131072 bytes)
[    0.225466] TCP: Hash tables configured (established 8192 bind 8192)
[    0.226140] UDP hash table entries: 512 (order: 2, 16384 bytes)
[    0.226765] UDP-Lite hash table entries: 512 (order: 2, 16384 bytes)
[    0.227466] NET: Registered protocol family 1
[    0.228726] pci 0000:00:00.0: Limiting direct PCI/PCI transfers
[    0.228726] pci 0000:00:01.0: Activating ISA DMA hang workarounds
[    0.228726] pci 0000:00:02.0: Video device with shadowed ROM at [mem 0x000c0000-0x000dffff]
[    0.228726] Unpacking initramfs...
[    0.228726] Freeing initrd memory: 20392K
[    0.228726] clocksource: tsc: mask: 0xffffffffffffffff max_cycles: 0x21174bd42fa, max_idle_ns: 440795291265 ns
[    0.228726] platform rtc_cmos: registered platform RTC device (no PNP device found)
[    0.228726] Scanning for low memory corruption every 60 seconds
[    0.417504] Initialise system trusted keyrings
[    0.418108] Key type blacklist registered
[    0.418644] workingset: timestamp_bits=36 max_order=18 bucket_order=0
[    0.420019] zbud: loaded
[    0.420650] squashfs: version 4.0 (2009/01/31) Phillip Lougher
[    0.421543] fuse init (API version 7.26)
[    0.424351] Key type asymmetric registered
[    0.424827] Asymmetric key parser 'x509' registered
[    0.425387] Block layer SCSI generic (bsg) driver version 0.4 loaded (major 246)
[    0.426266] io scheduler noop registered
[    0.426835] io scheduler deadline registered
[    0.427338] io scheduler cfq registered (default)
[    0.428062] ACPI: AC Adapter [AC] (on-line)
[    0.428593] input: Power Button as /devices/LNXSYSTM:00/LNXPWRBN:00/input/input0
[    0.429452] ACPI: Power Button [PWRF]
[    0.429919] input: Sleep Button as /devices/LNXSYSTM:00/LNXSLPBN:00/input/input1
[    0.430803] ACPI: Sleep Button [SLPF]
[    0.431775] ACPI: Battery Slot [BAT0] (battery present)
[    0.432044] Serial: 8250/16550 driver, 32 ports, IRQ sharing enabled
[    0.453501] 00:02: ttyS0 at I/O 0x3f8 (irq = 4, base_baud = 115200) is a 16550A
[    0.455985] Linux agpgart interface v0.103
[    0.457384] loop: module loaded
[    0.458088] scsi host0: ata_piix
[    0.458580] scsi host1: ata_piix
[    0.458986] ata1: PATA max UDMA/33 cmd 0x1f0 ctl 0x3f6 bmdma 0xd000 irq 14
[    0.459714] ata2: PATA max UDMA/33 cmd 0x170 ctl 0x376 bmdma 0xd008 irq 15
[    0.460634] tun: Universal TUN/TAP device driver, 1.6
[    0.461237] PPP generic driver version 2.4.2
[    0.461759] ehci_hcd: USB 2.0 'Enhanced' Host Controller (EHCI) Driver
[    0.462455] ehci-pci: EHCI PCI platform driver
[    0.462954] ehci-platform: EHCI generic platform driver
[    0.463532] ohci_hcd: USB 1.1 'Open' Host Controller (OHCI) Driver
[    0.464198] ohci-pci: OHCI PCI platform driver
[    0.464700] ohci-platform: OHCI generic platform driver
[    0.465276] uhci_hcd: USB Universal Host Controller Interface driver
[    0.465979] i8042: PNP: PS/2 Controller [PNP0303:PS2K,PNP0f03:PS2M] at 0x60,0x64 irq 1,12
[    0.467277] serio: i8042 KBD port at 0x60,0x64 irq 1
[    0.467962] serio: i8042 AUX port at 0x60,0x64 irq 12
[    0.468620] mousedev: PS/2 mouse device common for all mice
[    0.469620] rtc_cmos rtc_cmos: rtc core: registered rtc_cmos as rtc0
[    0.470318] input: AT Translated Set 2 keyboard as /devices/platform/i8042/serio0/input/input2
[    0.471351] rtc_cmos rtc_cmos: alarms up to one day, 114 bytes nvram
[    0.472021] i2c /dev entries driver
[    0.472444] device-mapper: uevent: version 1.0.3
[    0.472985] device-mapper: ioctl: 4.37.0-ioctl (2017-09-20) initialised: dm-devel@redhat.com
[    0.473919] ledtrig-cpu: registered to indicate activity on CPUs
[    0.474904] NET: Registered protocol family 10
[    0.477777] Segment Routing with IPv6
[    0.478220] NET: Registered protocol family 17
[    0.478767] Key type dns_resolver registered
[    0.479338] mce: Using 0 MCE banks
[    0.479736] RAS: Correctable Errors collector initialized.
[    0.480314] sched_clock: Marking stable (479321195, 0)->(586285804, -106964609)
[    0.481499] registered taskstats version 1
[    0.482152] Loading compiled-in X.509 certificates
[    0.483934] Loaded X.509 cert 'Build time autogenerated kernel key: 9c4811ffd453f4b0c13447eb15d717d926dfaff5'
[    0.485349] Loaded X.509 cert 'Canonical Ltd. Live Patch Signing: 14df34d1a87cf37625abec039ef2bf521249b969'
[    0.486720] Loaded X.509 cert 'Canonical Ltd. Kernel Module Signing: 88f752e560a1e0737e31163a466ad7b70a850c19'
[    0.487873] blacklist: Loading compiled-in revocation X.509 certificates
[    0.488591] Loaded X.509 cert 'Canonical Ltd. Secure Boot Signing: 61482aa2830d0ab2ad5af10b7250da9033ddcef0'
[    0.489740] zswap: loaded using pool lzo/zbud
[    0.492532] Key type big_key registered
[    0.492971] Key type trusted registered
[    0.494254] Key type encrypted registered
[    0.494712] AppArmor: AppArmor sha1 policy hashing enabled
[    0.495293] ima: No TPM chip found, activating TPM-bypass! (rc=-19)
[    0.495951] ima: Allocated hash algorithm: sha1
[    0.496525] evm: HMAC attrs: 0x1
[    0.497056]   Magic number: 14:624:587
[    0.497576] rtc_cmos rtc_cmos: setting system clock to 2022-07-28 14:33:37 UTC (1659018817)
[    0.498586] BIOS EDD facility v0.16 2004-Jun-25, 0 devices found
[    0.499407] EDD information not available.
[    0.644304] Freeing unused kernel image memory: 2468K
[    0.656616] Write protecting the kernel read-only data: 20480k
[    0.657628] Freeing unused kernel image memory: 2008K
[    0.658382] Freeing unused kernel image memory: 1820K
[    0.662400] x86/mm: Checked W+X mappings: passed, no W+X pages found.
Loading, please wait...
starting version 237
[    0.695901] Fusion MPT base driver 3.04.20
[    0.696466] Copyright (c) 1999-2008 LSI Corporation
[    0.697148] e1000: Intel(R) PRO/1000 Network Driver - version 7.3.21-k8-NAPI
[    0.697926] e1000: Copyright (c) 1999-2006 Intel Corporation.
[    0.700318] Fusion MPT SPI Host driver 3.04.20
[    0.713746] AVX2 version of gcm_enc/dec engaged.
[    0.714303] AES CTR mode by8 optimization enabled
[    0.905325] input: ImExPS/2 Generic Explorer Mouse as /devices/platform/i8042/serio1/input/input4
[    1.056556] e1000 0000:00:03.0 eth0: (PCI:33MHz:32-bit) 02:0f:94:a1:da:7f
[    1.057355] e1000 0000:00:03.0 eth0: Intel(R) PRO/1000 Network Connection
[    1.058712] mptbase: ioc0: Initiating bringup
[    1.379587] ioc0: LSI53C1030 A0: Capabilities={Initiator}
[    1.621903] scsi host2: ioc0: LSI53C1030 A0, FwRev=00000000h, Ports=1, MaxQ=256, IRQ=20
[    1.864952] scsi 2:0:0:0: Direct-Access     VBOX     HARDDISK         1.0  PQ: 0 ANSI: 5
[    1.897059] scsi target2:0:0: Beginning Domain Validation
[    1.898565] scsi target2:0:0: Domain Validation skipping write tests
[    1.899511] scsi target2:0:0: Ending Domain Validation
[    1.900360] scsi target2:0:0: asynchronous
[    1.901428] scsi 2:0:1:0: Direct-Access     VBOX     HARDDISK         1.0  PQ: 0 ANSI: 5
[    2.183528] scsi target2:0:1: Beginning Domain Validation
[    2.184775] random: fast init done
[    2.185199] scsi target2:0:1: Domain Validation skipping write tests
[    2.185910] scsi target2:0:1: Ending Domain Validation
[    2.186512] scsi target2:0:1: asynchronous
[    2.189141] random: systemd-udevd: uninitialized urandom read (16 bytes read)
[    2.189278] sd 2:0:0:0: Attached scsi generic sg0 type 0
[    2.190749] random: systemd-udevd: uninitialized urandom read (16 bytes read)
[    2.191411] sd 2:0:0:0: [sda] 83886080 512-byte logical blocks: (42.9 GB/40.0 GiB)
[    2.192222] random: systemd-udevd: uninitialized urandom read (16 bytes read)
[    2.192534] sd 2:0:1:0: Attached scsi generic sg1 type 0
[    2.193183] sd 2:0:0:0: [sda] Write Protect is off
[    2.194594] sd 2:0:1:0: [sdb] 20480 512-byte logical blocks: (10.5 MB/10.0 MiB)
[    2.196058] sd 2:0:1:0: [sdb] Write Protect is off
[    2.196080] sd 2:0:0:0: [sda] Incomplete mode parameter data
[    2.197224] sd 2:0:0:0: [sda] Assuming drive cache: write through
[    2.197974] sd 2:0:1:0: [sdb] Incomplete mode parameter data
[    2.198619] sd 2:0:1:0: [sdb] Assuming drive cache: write through
[    2.207627]  sda: sda1
[    2.208772] sd 2:0:1:0: [sdb] Attached SCSI disk
[    2.209314] sd 2:0:0:0: [sda] Attached SCSI disk
[    2.211574] e1000 0000:00:08.0 eth1: (PCI:33MHz:32-bit) 08:00:27:b6:74:ce
[    2.212315] e1000 0000:00:08.0 eth1: Intel(R) PRO/1000 Network Connection
[    2.213549] e1000 0000:00:03.0 enp0s3: renamed from eth0
[    2.234026] e1000 0000:00:08.0 enp0s8: renamed from eth1
Begin: Loading essential drivers ... [    3.640318] raid6: sse2x1   gen()  7278 MB/s
[    3.688685] raid6: sse2x1   xor() 12404 MB/s
[    3.736448] raid6: sse2x2   gen() 13331 MB/s
[    3.784223] raid6: sse2x2   xor() 11985 MB/s
[    3.832312] raid6: sse2x4   gen() 20303 MB/s
[    3.880264] raid6: sse2x4   xor() 11828 MB/s
[    3.928680] raid6: avx2x1   gen() 14965 MB/s
[    3.976384] raid6: avx2x1   xor() 23093 MB/s
[    4.024052] raid6: avx2x2   gen() 29351 MB/s
[    4.072004] raid6: avx2x2   xor() 28909 MB/s
[    4.120011] raid6: avx2x4   gen() 35020 MB/s
[    4.168013] raid6: avx2x4   xor() 16995 MB/s
[    4.168569] raid6: using algorithm avx2x4 gen() 35020 MB/s
[    4.169201] raid6: .... xor() 16995 MB/s, rmw enabled
[    4.169779] raid6: using avx2x2 recovery algorithm
[    4.170965] xor: automatically using best checksumming function   avx       
[    4.172252] async_tx: api initialized (async)
done.
Begin: Running /scripts/init-premount ... done.
Begin: Mounting root file system ... Begin: Running /scripts/local-top ... done.
Begin: Running /scripts/local-premount ... [    4.199399] Btrfs loaded, crc32c=crc32c-intel
Scanning for Btrfs filesystems
done.
Begin: Will now check root file system ... fsck from util-linux 2.31.1
[/sbin/fsck.ext4 (1) -- /dev/sda1] fsck.ext4 -a -C0 /dev/sda1 
cloudimg-rootfs: clean, 109398/5120000 files, 867315/10485499 blocks
done.
[    4.225976] EXT4-fs (sda1): mounted filesystem with ordered data mode. Opts: (null)
done.
Begin: Running /scripts/local-bottom ... done.
Begin: Running /scripts/init-bottom ... done.
[    4.361863] ip_tables: (C) 2000-2006 Netfilter Core Team
[    4.368815] systemd[1]: systemd 237 running in system mode. (+PAM +AUDIT +SELINUX +IMA +APPARMOR +SMACK +SYSVINIT +UTMP +LIBCRYPTSETUP +GCRYPT +GNUTLS +ACL +XZ +LZ4 +SECCOMP +BLKID +ELFUTILS +KMOD -IDN2 +IDN -PCRE2 default-hierarchy=hybrid)
[    4.371156] systemd[1]: Detected virtualization oracle.
[    4.371755] systemd[1]: Detected architecture x86-64.

Welcome to [1mUbuntu 18.04.6 LTS[0m!

[    4.376683] systemd[1]: Set hostname to <ubuntu-bionic>.
[    4.566177] systemd[1]: Reached target Swap.
[[0;32m  OK  [0m] Reached target Swap.
[    4.567133] systemd[1]: Reached target System Time Synchronized.
[[0;32m  OK  [0m] Reached target System Time Synchronized.
[    4.568355] systemd[1]: Started Forward Password Requests to Wall Directory Watch.
[[0;32m  OK  [0m] Started Forward Password Requests to Wall Directory Watch.
[    4.569930] systemd[1]: Set up automount Arbitrary Executable File Formats File System Automount Point.
[[0;32m  OK  [0m] Set up automount Arbitrary Executabâ€¦rmats File System Automount Point.
[    4.572526] systemd[1]: Created slice User and Session Slice.
[[0;32m  OK  [0m] Created slice User and Session Slice.
[    4.573598] systemd[1]: Reached target User and Group Name Lookups.
[[0;32m  OK  [0m] Reached target User and Group Name Lookups.
[[0;32m  OK  [0m] Created slice System Slice.
[[0;32m  OK  [0m] Listening on fsck to fsckd communication Socket.
[[0;32m  OK  [0m] Listening on udev Kernel Socket.
[[0;32m  OK  [0m] Listening on Journal Audit Socket.
[[0;32m  OK  [0m] Listening on Syslog Socket.
[[0;32m  OK  [0m] Listening on udev Control Socket.
[[0;32m  OK  [0m] Created slice system-serial\x2dgetty.slice.
[[0;32m  OK  [0m] Listening on Journal Socket.
         Mounting Huge Pages File System...
         Starting Create list of required stâ€¦ce nodes for the current kernel...
         Mounting Kernel Debug File System...
[[0;32m  OK  [0m] Listening on LVM2 metadata daemon socket.
[[0;32m  OK  [0m] Listening on Device-mapper event daemon FIFOs.
         Starting Set the console keyboard layout...
[[0;32m  OK  [0m] Listening on Network Service Netlink Socket.
[[0;32m  OK  [0m] Listening on /dev/initctl Compatibility Named Pipe.
         Starting Monitoring of LVM2 mirrorsâ€¦ng dmeventd or progress polling...
         Starting Uncomplicated firewall...
[[0;32m  OK  [0m] Listening on Journal Socket (/dev/log).
         Starting Journal Service...
         Mounting POSIX Message Queue File System...
         Starting Load Kernel Modules...
         Starting Remount Root and Kernel File Systems...
[[0;32m  OK  [0m] Reached target Slices.
         Starting udev Coldplug all Devices...
[[0;32m  OK  [0m] Listening on LVM2 poll daemon socket.
[[0;32m  OK  [0m] Mounted Huge Pages File System.
[[0;32m  OK  [0m] Mounted Kernel Debug File System.
[[0;32m  OK  [0m] Started Uncomplicated firewall.
[[0;32m  OK  [0m] Mounted POSIX Message Queue File System.
[[0;32m  OK  [0m] Started LVM2 metadata daemon.
[[0;32m  OK  [0m] Started Create list of required staâ€¦vice nodes for the current kernel.
         Starting Create Static Device Nodes in /dev...
[[0;32m  OK  [0m] Started Journal Service.
[    4.797019] Loading iSCSI transport class v2.0-870.
[    4.801233] iscsi: registered transport (tcp)
[[0;32m  OK  [0m] Started udev Coldplug all Devices.
[    4.811381] iscsi: registered transport (iser)
[[0;32m  OK  [0m] Started Load Kernel Modules.
         Mounting FUSE Control File System...
         Starting Apply Kernel Variables...
         Mounting Kernel Configuration File System...
[[0;32m  OK  [0m] Mounted FUSE Control File System.
[[0;32m  OK  [0m] Mounted Kernel Configuration File System.
[[0;32m  OK  [0m] Started Create Static Device Nodes in /dev.
[[0;32m  OK  [0m] Started Remount Root and Kernel File Systems.
         Starting udev Kernel Device Manager...
         Starting Flush Journal to Persistent Storage...
         Starting Load/Save Random Seed...
[[0;32m  OK  [0m] Started Monitoring of LVM2 mirrors,â€¦sing dmeventd or progress polling.
[[0;32m  OK  [0m] Started Apply Kernel Variables.
[[0;32m  OK  [0m] Started udev Kernel Device Manager.
[[0;32m  OK  [0m] Started Load/Save Random Seed.
[[0;32m  OK  [0m] Started Set the console keyboard layout.
[[0;32m  OK  [0m] Started Dispatch Password Requests to Console Directory Watch.
[[0;32m  OK  [0m] Reached target Local Encrypted Volumes.
[[0;32m  OK  [0m] Reached target Local File Systems (Pre).
[[0;32m  OK  [0m] Reached target Local File Systems.
         Starting Set console font and keymap...
         Starting AppArmor initialization...
         Starting Tell Plymouth To Write Out Runtime Data...
         Starting ebtables ruleset management...
[[0;32m  OK  [0m] Started Flush Journal to Persistent Storage.
         Starting Create Volatile Files and Directories...
[[0;32m  OK  [0m] Started Tell Plymouth To Write Out Runtime Data.
[[0;32m  OK  [0m] Started Set console font and keymap.
[[0;32m  OK  [0m] Started Create Volatile Files and Directories.
         Starting Update UTMP about System Boot/Shutdown...
[[0;32m  OK  [0m] Started Update UTMP about System Boot/Shutdown.
[[0;32m  OK  [0m] Found device /dev/ttyS0.
[[0;32m  OK  [0m] Started ebtables ruleset management.
[[0;32m  OK  [0m] Listening on Load/Save RF Kill Switch Status /dev/rfkill Watch.
[[0;32m  OK  [0m] Started AppArmor initialization.
         Starting Initial cloud-init job (pre-networking)...
         Starting Load AppArmor profiles managed internally by snapd...
[[0;32m  OK  [0m] Started Load AppArmor profiles managed internally by snapd.
[    6.145203] cloud-init[563]: Cloud-init v. 22.2-0ubuntu1~18.04.3 running 'init-local' at Thu, 28 Jul 2022 14:33:42 +0000. Up 5.98 seconds.
[[0;32m  OK  [0m] Started Initial cloud-init job (pre-networking).
[[0;32m  OK  [0m] Reached target Network (Pre).
         Starting Network Service...
[[0;32m  OK  [0m] Started Network Service.
         Starting Network Name Resolution...
         Starting Wait for Network to be Configured...
[[0;32m  OK  [0m] Started Network Name Resolution.
[[0;32m  OK  [0m] Reached target Network.
[[0;32m  OK  [0m] Reached target Host and Network Name Lookups.
[[0;32m  OK  [0m] Started Wait for Network to be Configured.
         Starting Initial cloud-init job (metadata service crawler)...
[    8.267158] cloud-init[675]: Cloud-init v. 22.2-0ubuntu1~18.04.3 running 'init' at Thu, 28 Jul 2022 14:33:45 +0000. Up 8.12 seconds.
[    8.268022] cloud-init[675]: ci-info: ++++++++++++++++++++++++++++++++++++++Net device info+++++++++++++++++++++++++++++++++++++++
[    8.268834] cloud-init[675]: ci-info: +--------+------+-----------------------------+---------------+--------+-------------------+
[    8.269599] cloud-init[675]: ci-info: | Device |  Up  |           Address           |      Mask     | Scope  |     Hw-Address    |
[    8.270464] cloud-init[675]: ci-info: +--------+------+-----------------------------+---------------+--------+-------------------+
[    8.271282] cloud-init[675]: ci-info: | enp0s3 | True |          10.0.2.15          | 255.255.255.0 | global | 02:0f:94:a1:da:7f |
[    8.272031] cloud-init[675]: ci-info: | enp0s3 | True |  fe80::f:94ff:fea1:da7f/64  |       .       |  link  | 02:0f:94:a1:da:7f |
[    8.272803] cloud-init[675]: ci-info: | enp0s8 | True |        192.168.33.11        | 255.255.255.0 | global | 08:00:27:b6:74:ce |
[    8.273553] cloud-init[675]: ci-info: | enp0s8 | True | fe80::a00:27ff:feb6:74ce/64 |       .       |  link  | 08:00:27:b6:74:ce |
[    8.274291] cloud-init[675]: ci-info: |   lo   | True |          127.0.0.1          |   255.0.0.0   |  host  |         .         |
[    8.275043] cloud-init[675]: ci-info: |   lo   | True |           ::1/128           |       .       |  host  |         .         |
[    8.275776] cloud-init[675]: ci-info: +--------+------+-----------------------------+---------------+--------+-------------------+
[    8.276516] cloud-init[675]: ci-info: +++++++++++++++++++++++++++++Route IPv4 info+++++++++++++++++++++++++++++
[    8.277152] cloud-init[675]: ci-info: +-------+--------------+----------+-----------------+-----------+-------+
[    8.277981] cloud-init[675]: ci-info: | Route | Destination  | Gateway  |     Genmask     | Interface | Flags |
[    8.278620] cloud-init[675]: ci-info: +-------+--------------+----------+-----------------+-----------+-------+
[    8.279260] cloud-init[675]: ci-info: |   0   |   0.0.0.0    | 10.0.2.2 |     0.0.0.0     |   enp0s3  |   UG  |
[    8.279916] cloud-init[675]: ci-info: |   1   |   10.0.2.0   | 0.0.0.0  |  255.255.255.0  |   enp0s3  |   U   |
[    8.280569] cloud-init[675]: ci-info: |   2   |   10.0.2.2   | 0.0.0.0  | 255.255.255.255 |   enp0s3  |   UH  |
[    8.292530] cloud-init[675]: ci-info: |   3   | 192.168.33.0 | 0.0.0.0  |  255.255.255.0  |   enp0s8  |   U   |
[    8.293203] cloud-init[675]: ci-info: +-------+--------------+----------+-----------------+-----------+-------+
[    8.293858] cloud-init[675]: ci-info: +++++++++++++++++++Route IPv6 info+++++++++++++++++++
[    8.294437] cloud-init[675]: ci-info: +-------+-------------+---------+-----------+-------+
[    8.295004] cloud-init[675]: ci-info: | Route | Destination | Gateway | Interface | Flags |
[    8.295567] cloud-init[675]: ci-info: +-------+-------------+---------+-----------+-------+
[    8.296092] cloud-init[675]: ci-info: |   1   |  fe80::/64  |    ::   |   enp0s8  |   U   |
[    8.296627] cloud-init[675]: ci-info: |   2   |  fe80::/64  |    ::   |   enp0s3  |   U   |
[    8.297256] cloud-init[675]: ci-info: |   4   |    local    |    ::   |   enp0s3  |   U   |
[    8.297916] cloud-init[675]: ci-info: |   5   |    local    |    ::   |   enp0s8  |   U   |
[    8.298459] cloud-init[675]: ci-info: |   6   |   ff00::/8  |    ::   |   enp0s8  |   U   |
[    8.299014] cloud-init[675]: ci-info: |   7   |   ff00::/8  |    ::   |   enp0s3  |   U   |
[    8.299553] cloud-init[675]: ci-info: +-------+-------------+---------+-----------+-------+
[[0;32m  OK  [0m] Started Initial cloud-init job (metadata service crawler).
[[0;32m  OK  [0m] Reached target Cloud-config availability.
[[0;32m  OK  [0m] Reached target Network is Online.
[[0;32m  OK  [0m] Reached target Remote File Systems (Pre).
         Mounting /var/www/html...
         Starting Availability of block devices...
         Mounting /vagrant...
[[0;32m  OK  [0m] Reached target System Initialization.
[[0;32m  OK  [0m] Started Ubuntu Advantage Timer for running repeated jobs.
[[0;32m  OK  [0m] Started ACPI Events Check.
[[0;32m  OK  [0m] Started Daily apt download activities.
[[0;32m  OK  [0m] Listening on ACPID Listen Socket.
[[0;32m  OK  [0m] Started Daily apt upgrade and clean activities.
[[0;32m  OK  [0m] Started Daily Cleanup of Temporary Directories.
[[0;32m  OK  [0m] Listening on cloud-init hotplug hook socket.
         Starting LXD - unix socket.
[[0;32m  OK  [0m] Started Message of the Day.
[[0;32m  OK  [0m] Reached target Paths.
[[0;32m  OK  [0m] Listening on UUID daemon activation socket.
[[0;32m  OK  [0m] Listening on D-Bus System Message Bus Socket.
[[0;32m  OK  [0m] Started Clean PHP session files every 30 mins.
         Starting Socket activation for snappy daemon.
[[0;32m  OK  [0m] Started Discard unused blocks once a week.
[[0;32m  OK  [0m] Reached target Timers.
[[0;32m  OK  [0m] Listening on Open-iSCSI iscsid Socket.
[[0;32m  OK  [0m] Listening on LXD - unix socket.
[[0;32m  OK  [0m] Listening on Socket activation for snappy daemon.
[[0;32m  OK  [0m] Reached target Sockets.
[[0;32m  OK  [0m] Reached target Basic System.
         Starting Accounts Service...
         Starting LSB: Record successful boot for GRUB...
         Starting Clean php session files...
         Starting System Logging Service...
         Starting Snap Daemon...
         Starting A high performance web server and a reverse proxy server...
[[0;32m  OK  [0m] Started Deferred execution scheduler.
[[0;32m  OK  [0m] Started FUSE filesystem for LXC.
         Starting Login Service...
         Starting Virtualbox guest utils...
[[0;32m  OK  [0m] Started D-Bus System Message Bus.
         Starting MySQL Community Server...
[[0;32m  OK  [0m] Started Regular background program processing daemon.
         Starting LXD - container startup/shutdown...
         Starting Dispatcher daemon for systemd-networkd...
         Starting The PHP 7.2 FastCGI Process Manager...
[[0;32m  OK  [0m] Started irqbalance daemon.
         Starting OpenBSD Secure Shell server...
[[0;32m  OK  [0m] Started System Logging Service.
[[0;32m  OK  [0m] Mounted /var/www/html.
[[0;32m  OK  [0m] Started Availability of block devices.
[[0;32m  OK  [0m] Mounted /vagrant.
[[0;32m  OK  [0m] Started Login Service.
[[0;32m  OK  [0m] Started Unattended Upgrades Shutdown.
[[0;32m  OK  [0m] Reached target Remote File Systems.
         Starting Permit User Sessions...
         Starting LSB: automatic crash report generation...
[[0;32m  OK  [0m] Started Permit User Sessions.
         Starting Hold until boot process finishes up...
         Starting Terminate Plymouth Boot Screen...
         Starting Authorization Manager...
[[0;32m  OK  [0m] Started Hold until boot process finishes up.
[[0;32m  OK  [0m] Started Serial Getty on ttyS0.
         Starting Set console scheme...
[[0;32m  OK  [0m] Started Terminate Plymouth Boot Screen.
[[0;32m  OK  [0m] Started A high performance web server and a reverse proxy server.
[[0;32m  OK  [0m] Started LSB: Record successful boot for GRUB.
[[0;32m  OK  [0m] Started Set console scheme.
[[0;32m  OK  [0m] Created slice system-getty.slice.
[[0;32m  OK  [0m] Started Getty on tty1.
[[0;32m  OK  [0m] Reached target Login Prompts.
[[0;32m  OK  [0m] Started Virtualbox guest utils.
[[0;32m  OK  [0m] Started LSB: automatic crash report generation.
[[0;32m  OK  [0m] Started Authorization Manager.
[[0;32m  OK  [0m] Started OpenBSD Secure Shell server.
[[0;32m  OK  [0m] Started Accounts Service.
[[0;32m  OK  [0m] Started LXD - container startup/shutdown.
[[0;32m  OK  [0m] Started Dispatcher daemon for systemd-networkd.
[[0;32m  OK  [0m] Started Snap Daemon.
         Starting Wait until snapd is fully seeded...
         Starting Time & Date Service...
[[0;32m  OK  [0m] Started Time & Date Service.
[[0;32m  OK  [0m] Started Wait until snapd is fully seeded.
         Starting Apply the settings specified in cloud-config...
[[0;32m  OK  [0m] Started MySQL Community Server.
[[0;32m  OK  [0m] Started The PHP 7.2 FastCGI Process Manager.
[   10.162961] cloud-init[1214]: Cloud-init v. 22.2-0ubuntu1~18.04.3 running 'modules:config' at Thu, 28 Jul 2022 14:33:47 +0000. Up 10.07 seconds.
[[0;32m  OK  [0m] Started Clean php session files.
[[0;32m  OK  [0m] Started Apply the settings specified in cloud-config.
[[0;32m  OK  [0m] Reached target Multi-User System.
[[0;32m  OK  [0m] Reached target Graphical Interface.
         Starting Update UTMP about System Runlevel Changes...
         Starting Execute cloud user/final scripts...
[[0;32m  OK  [0m] Started Update UTMP about System Runlevel Changes.
[   10.708218] cloud-init[1326]: Cloud-init v. 22.2-0ubuntu1~18.04.3 running 'modules:final' at Thu, 28 Jul 2022 14:33:47 +0000. Up 10.59 seconds.
[   10.709135] cloud-init[1326]: Cloud-init v. 22.2-0ubuntu1~18.04.3 finished at Thu, 28 Jul 2022 14:33:47 +0000. Datasource DataSourceNoCloud [seed=/dev/sdb][dsmode=net].  Up 10.70 seconds
[[0;32m  OK  [0m] Started Execute cloud user/final scripts.
[[0;32m  OK  [0m] Reached target Cloud-init target.

Ubuntu 18.04.6 LTS ubuntu-bionic ttyS0

ubuntu-bionic login: 